Component: Arm Compiler for Embedded 6.18 Tool: armlink [5e4cc100]

==============================================================================

Section Cross References

    adc.o(.ARM.exidx) refers to adc.o(.text) for [Anonymous Symbol]
    struct_code.o(myCode) refers to adc.o(.text) for adc_init
    struct_code.o(myCode) refers to struct_code.o(myConstants) for DISPLAY_2_BIT
    datainit_ctboard.o(.text) refers (Weak) to startup_ctboard.o(STACK) for Stack_Mem
    datainit_ctboard.o(.text) refers to struct_code.o(myCode) for main
    startup_ctboard.o(RESET) refers to startup_ctboard.o(STACK) for __initial_sp
    startup_ctboard.o(RESET) refers to startup_ctboard.o(.text) for Reset_Handler
    startup_ctboard.o(.text) refers to system_ctboard.o(.text) for __system
    startup_ctboard.o(.text) refers to datainit_ctboard.o(.text) for __main
    system_ctboard.o(.text) refers to hal_rcc.o(.text) for hal_rcc_reset
    system_ctboard.o(.text) refers to hal_pwr.o(.text) for hal_pwr_set_overdrive
    system_ctboard.o(.text) refers to hal_gpio.o(.text) for hal_gpio_init_alternate
    system_ctboard.o(.text) refers to hal_fmc.o(.text) for hal_fmc_init_sram
    system_ctboard.o(.ARM.exidx) refers to system_ctboard.o(.text) for [Anonymous Symbol]
    hal_fmc.o(.ARM.exidx) refers to hal_fmc.o(.text) for [Anonymous Symbol]
    hal_gpio.o(.ARM.exidx) refers to hal_gpio.o(.text) for [Anonymous Symbol]
    hal_pwr.o(.ARM.exidx) refers to hal_pwr.o(.text) for [Anonymous Symbol]
    hal_rcc.o(.ARM.exidx) refers to hal_rcc.o(.text) for [Anonymous Symbol]


==============================================================================

Removing Unused input sections from the image.

    Removing adc.o(.ARM.exidx), (16 bytes).
    Removing startup_ctboard.o(HEAP), (2048 bytes).
    Removing system_ctboard.o(.ARM.exidx), (40 bytes).
    Removing hal_fmc.o(.ARM.exidx), (16 bytes).
    Removing hal_gpio.o(.ARM.exidx), (112 bytes).
    Removing hal_pwr.o(.ARM.exidx), (56 bytes).
    Removing hal_rcc.o(.ARM.exidx), (40 bytes).

7 unused section(s) (total 2328 bytes) removed from the image.

==============================================================================

Image Symbol Table

    Local Symbols

    Symbol Name                              Value     Ov Type        Size  Object(Section)

    RTE/Device/CT_Board_HS14_M0/datainit_ctboard.s 0x00000000   Number         0  datainit_ctboard.o ABSOLUTE
    RTE/Device/CT_Board_HS14_M0/startup_ctboard.s 0x00000000   Number         0  startup_ctboard.o ABSOLUTE
    adc.c                                    0x00000000   Number         0  adc.o ABSOLUTE
    app\struct_code.s                        0x00000000   Number         0  struct_code.o ABSOLUTE
    hal_fmc.c                                0x00000000   Number         0  hal_fmc.o ABSOLUTE
    hal_gpio.c                               0x00000000   Number         0  hal_gpio.o ABSOLUTE
    hal_pwr.c                                0x00000000   Number         0  hal_pwr.o ABSOLUTE
    hal_rcc.c                                0x00000000   Number         0  hal_rcc.o ABSOLUTE
    system_ctboard.c                         0x00000000   Number         0  system_ctboard.o ABSOLUTE
    RESET                                    0x08000000   Section      428  startup_ctboard.o(RESET)
    [Anonymous Symbol]                       0x080001ac   Section        0  adc.o(.text)
    __arm_cp.0_0                             0x080001fc   Number         4  adc.o(.text)
    __arm_cp.0_1                             0x08000200   Number         4  adc.o(.text)
    __arm_cp.0_2                             0x08000204   Number         4  adc.o(.text)
    __arm_cp.1_0                             0x08000220   Number         4  adc.o(.text)
    .text                                    0x08000224   Section      124  datainit_ctboard.o(.text)
    .text                                    0x080002a0   Section       36  startup_ctboard.o(.text)
    [Anonymous Symbol]                       0x080002c4   Section        0  system_ctboard.o(.text)
    __arm_cp.1_0                             0x080003e4   Number         4  system_ctboard.o(.text)
    __arm_cp.1_1                             0x080003e8   Number         4  system_ctboard.o(.text)
    __arm_cp.1_2                             0x080003ec   Number         4  system_ctboard.o(.text)
    __arm_cp.1_3                             0x080003f0   Number         4  system_ctboard.o(.text)
    __arm_cp.1_4                             0x080003f4   Number         4  system_ctboard.o(.text)
    __arm_cp.1_5                             0x080003f8   Number         4  system_ctboard.o(.text)
    __arm_cp.1_6                             0x080003fc   Number         4  system_ctboard.o(.text)
    __arm_cp.1_7                             0x08000400   Number         4  system_ctboard.o(.text)
    __arm_cp.1_8                             0x08000404   Number         4  system_ctboard.o(.text)
    __arm_cp.1_9                             0x08000408   Number         4  system_ctboard.o(.text)
    __arm_cp.1_10                            0x0800040c   Number         4  system_ctboard.o(.text)
    __arm_cp.1_11                            0x08000410   Number         4  system_ctboard.o(.text)
    __arm_cp.1_12                            0x08000414   Number         4  system_ctboard.o(.text)
    __arm_cp.1_13                            0x08000418   Number         4  system_ctboard.o(.text)
    __arm_cp.1_14                            0x0800041c   Number         4  system_ctboard.o(.text)
    [Anonymous Symbol]                       0x08000428   Section        0  hal_fmc.o(.text)
    __arm_cp.0_0                             0x08000464   Number         4  hal_fmc.o(.text)
    __arm_cp.0_1                             0x08000468   Number         4  hal_fmc.o(.text)
    __arm_cp.0_2                             0x0800046c   Number         4  hal_fmc.o(.text)
    __arm_cp.1_0                             0x08000578   Number         4  hal_fmc.o(.text)
    [Anonymous Symbol]                       0x0800057c   Section        0  hal_gpio.o(.text)
    __arm_cp.0_0                             0x080005c0   Number         4  hal_gpio.o(.text)
    __arm_cp.0_1                             0x080005c4   Number         4  hal_gpio.o(.text)
    __arm_cp.1_0                             0x08000664   Number         4  hal_gpio.o(.text)
    __arm_cp.1_1                             0x08000668   Number         4  hal_gpio.o(.text)
    __arm_cp.2_0                             0x0800075c   Number         4  hal_gpio.o(.text)
    __arm_cp.2_1                             0x08000760   Number         4  hal_gpio.o(.text)
    __arm_cp.3_0                             0x08000878   Number         4  hal_gpio.o(.text)
    __arm_cp.3_1                             0x0800087c   Number         4  hal_gpio.o(.text)
    __arm_cp.7_0                             0x080009a8   Number         4  hal_gpio.o(.text)
    __arm_cp.7_1                             0x080009ac   Number         4  hal_gpio.o(.text)
    __arm_cp.8_0                             0x080009c8   Number         4  hal_gpio.o(.text)
    __arm_cp.8_1                             0x080009cc   Number         4  hal_gpio.o(.text)
    __arm_cp.9_0                             0x080009ec   Number         4  hal_gpio.o(.text)
    __arm_cp.9_1                             0x080009f0   Number         4  hal_gpio.o(.text)
    __arm_cp.10_0                            0x08000a10   Number         4  hal_gpio.o(.text)
    __arm_cp.10_1                            0x08000a14   Number         4  hal_gpio.o(.text)
    __arm_cp.11_0                            0x08000b3c   Number         4  hal_gpio.o(.text)
    __arm_cp.11_1                            0x08000b40   Number         4  hal_gpio.o(.text)
    __arm_cp.11_2                            0x08000b44   Number         4  hal_gpio.o(.text)
    __arm_cp.11_3                            0x08000b48   Number         4  hal_gpio.o(.text)
    __arm_cp.11_4                            0x08000b4c   Number         4  hal_gpio.o(.text)
    __arm_cp.11_5                            0x08000b50   Number         4  hal_gpio.o(.text)
    __arm_cp.12_0                            0x08000b6c   Number         4  hal_gpio.o(.text)
    __arm_cp.13_0                            0x08000b7c   Number         4  hal_gpio.o(.text)
    [Anonymous Symbol]                       0x08000b80   Section        0  hal_pwr.o(.text)
    __arm_cp.0_0                             0x08000b90   Number         4  hal_pwr.o(.text)
    __arm_cp.1_0                             0x08000bcc   Number         4  hal_pwr.o(.text)
    __arm_cp.2_0                             0x08000be8   Number         4  hal_pwr.o(.text)
    __arm_cp.3_0                             0x08000c04   Number         4  hal_pwr.o(.text)
    __arm_cp.4_0                             0x08000c20   Number         4  hal_pwr.o(.text)
    [Anonymous Symbol]                       0x08000c2c   Section        0  hal_rcc.o(.text)
    __arm_cp.0_0                             0x08000c94   Number         4  hal_rcc.o(.text)
    __arm_cp.0_1                             0x08000c98   Number         4  hal_rcc.o(.text)
    __arm_cp.0_2                             0x08000c9c   Number         4  hal_rcc.o(.text)
    __arm_cp.0_3                             0x08000ca0   Number         4  hal_rcc.o(.text)
    __arm_cp.0_4                             0x08000ca4   Number         4  hal_rcc.o(.text)
    __arm_cp.0_5                             0x08000ca8   Number         4  hal_rcc.o(.text)
    __arm_cp.0_6                             0x08000cac   Number         4  hal_rcc.o(.text)
    __arm_cp.0_7                             0x08000cb0   Number         4  hal_rcc.o(.text)
    __arm_cp.1_0                             0x08000d98   Number         4  hal_rcc.o(.text)
    __arm_cp.2_0                             0x08000e08   Number         4  hal_rcc.o(.text)
    __arm_cp.2_1                             0x08000e0c   Number         4  hal_rcc.o(.text)
    __arm_cp.3_0                             0x08000eec   Number         4  hal_rcc.o(.text)
    __arm_cp.3_1                             0x08000ef0   Number         4  hal_rcc.o(.text)
    __arm_cp.3_2                             0x08000ef4   Number         4  hal_rcc.o(.text)
    __arm_cp.3_3                             0x08000ef8   Number         4  hal_rcc.o(.text)
    __arm_cp.3_4                             0x08000efc   Number         4  hal_rcc.o(.text)
    __arm_cp.3_5                             0x08000f00   Number         4  hal_rcc.o(.text)
    __arm_cp.4_0                             0x08000f54   Number         4  hal_rcc.o(.text)
    __arm_cp.4_1                             0x08000f58   Number         4  hal_rcc.o(.text)
    myCode                                   0x08000f5c   Section      264  struct_code.o(myCode)
    DISPLAY_BIT                              0x08001064   Data           4  struct_code.o(myConstants)
    myConstants                              0x08001064   Section       16  struct_code.o(myConstants)
    DISPLAY_2_BIT                            0x08001068   Data           1  struct_code.o(myConstants)
    DISPLAY_4_BIT                            0x08001069   Data           1  struct_code.o(myConstants)
    DISPLAY_8_BIT                            0x0800106a   Data           1  struct_code.o(myConstants)
    DISPLAY_ARR_BIT                          0x0800106b   Data           9  struct_code.o(myConstants)
    STACK                                    0x20000000   Section     8192  startup_ctboard.o(STACK)
    __initial_sp                             0x20002000   Data           0  startup_ctboard.o(STACK)

    Global Symbols

    Symbol Name                              Value     Ov Type        Size  Object(Section)

    BuildAttributes$$THM_ISAv3M$S$PE$A:L22$X:L11$S22$IEEE1$IW$~IW$USESV6$~STKCKD$USESV7$WCHAR32$ENUMINT$~SHL$OTIME$EBA8$STANDARDLIB$REQ8$PRES8$EABIv2 0x00000000   Number         0  anon$$obj.o ABSOLUTE
    Image$$ER_IROM1$$Limit                    - Undefined Weak Reference
    Image$$RW_IRAM1$$Base                     - Undefined Weak Reference
    Image$$RW_IRAM1$$ZI$$Base                 - Undefined Weak Reference
    Image$$RW_IRAM1$$ZI$$Limit                - Undefined Weak Reference
    __Vectors_Size                           0x000001ac   Number         0  startup_ctboard.o ABSOLUTE
    Stack_Size                               0x00002000   Number         0  startup_ctboard.o ABSOLUTE
    __Vectors                                0x08000000   Data           4  startup_ctboard.o(RESET)
    __Vectors_End                            0x080001ac   Data           0  startup_ctboard.o(RESET)
    adc_init                                 0x080001ad   Thumb Code    80  adc.o(.text)
    adc_get_value                            0x08000209   Thumb Code    24  adc.o(.text)
    __main                                   0x08000225   Thumb Code    74  datainit_ctboard.o(.text)
    Reset_Handler                            0x080002a1   Thumb Code     8  startup_ctboard.o(.text)
    NMI_Handler                              0x080002a9   Thumb Code     2  startup_ctboard.o(.text)
    HardFault_Handler                        0x080002ab   Thumb Code     2  startup_ctboard.o(.text)
    MemManage_Handler                        0x080002ad   Thumb Code     2  startup_ctboard.o(.text)
    BusFault_Handler                         0x080002af   Thumb Code     2  startup_ctboard.o(.text)
    UsageFault_Handler                       0x080002b1   Thumb Code     2  startup_ctboard.o(.text)
    SVC_Handler                              0x080002b3   Thumb Code     2  startup_ctboard.o(.text)
    DebugMon_Handler                         0x080002b5   Thumb Code     2  startup_ctboard.o(.text)
    PendSV_Handler                           0x080002b7   Thumb Code     2  startup_ctboard.o(.text)
    SysTick_Handler                          0x080002b9   Thumb Code     2  startup_ctboard.o(.text)
    ADC_IRQHandler                           0x080002bb   Thumb Code     0  startup_ctboard.o(.text)
    CAN1_RX0_IRQHandler                      0x080002bb   Thumb Code     0  startup_ctboard.o(.text)
    CAN1_RX1_IRQHandler                      0x080002bb   Thumb Code     0  startup_ctboard.o(.text)
    CAN1_SCE_IRQHandler                      0x080002bb   Thumb Code     0  startup_ctboard.o(.text)
    CAN1_TX_IRQHandler                       0x080002bb   Thumb Code     0  startup_ctboard.o(.text)
    CAN2_RX0_IRQHandler                      0x080002bb   Thumb Code     0  startup_ctboard.o(.text)
    CAN2_RX1_IRQHandler                      0x080002bb   Thumb Code     0  startup_ctboard.o(.text)
    CAN2_SCE_IRQHandler                      0x080002bb   Thumb Code     0  startup_ctboard.o(.text)
    CAN2_TX_IRQHandler                       0x080002bb   Thumb Code     0  startup_ctboard.o(.text)
    CRYP_IRQHandler                          0x080002bb   Thumb Code     0  startup_ctboard.o(.text)
    DCMI_IRQHandler                          0x080002bb   Thumb Code     0  startup_ctboard.o(.text)
    DMA1_Stream0_IRQHandler                  0x080002bb   Thumb Code     0  startup_ctboard.o(.text)
    DMA1_Stream1_IRQHandler                  0x080002bb   Thumb Code     0  startup_ctboard.o(.text)
    DMA1_Stream2_IRQHandler                  0x080002bb   Thumb Code     0  startup_ctboard.o(.text)
    DMA1_Stream3_IRQHandler                  0x080002bb   Thumb Code     0  startup_ctboard.o(.text)
    DMA1_Stream4_IRQHandler                  0x080002bb   Thumb Code     0  startup_ctboard.o(.text)
    DMA1_Stream5_IRQHandler                  0x080002bb   Thumb Code     0  startup_ctboard.o(.text)
    DMA1_Stream6_IRQHandler                  0x080002bb   Thumb Code     0  startup_ctboard.o(.text)
    DMA1_Stream7_IRQHandler                  0x080002bb   Thumb Code     0  startup_ctboard.o(.text)
    DMA2D_IRQHandler                         0x080002bb   Thumb Code     0  startup_ctboard.o(.text)
    DMA2_Stream0_IRQHandler                  0x080002bb   Thumb Code     0  startup_ctboard.o(.text)
    DMA2_Stream1_IRQHandler                  0x080002bb   Thumb Code     0  startup_ctboard.o(.text)
    DMA2_Stream2_IRQHandler                  0x080002bb   Thumb Code     0  startup_ctboard.o(.text)
    DMA2_Stream3_IRQHandler                  0x080002bb   Thumb Code     0  startup_ctboard.o(.text)
    DMA2_Stream4_IRQHandler                  0x080002bb   Thumb Code     0  startup_ctboard.o(.text)
    DMA2_Stream5_IRQHandler                  0x080002bb   Thumb Code     0  startup_ctboard.o(.text)
    DMA2_Stream6_IRQHandler                  0x080002bb   Thumb Code     0  startup_ctboard.o(.text)
    DMA2_Stream7_IRQHandler                  0x080002bb   Thumb Code     0  startup_ctboard.o(.text)
    ETH_IRQHandler                           0x080002bb   Thumb Code     0  startup_ctboard.o(.text)
    ETH_WKUP_IRQHandler                      0x080002bb   Thumb Code     0  startup_ctboard.o(.text)
    EXTI0_IRQHandler                         0x080002bb   Thumb Code     0  startup_ctboard.o(.text)
    EXTI15_10_IRQHandler                     0x080002bb   Thumb Code     0  startup_ctboard.o(.text)
    EXTI1_IRQHandler                         0x080002bb   Thumb Code     0  startup_ctboard.o(.text)
    EXTI2_IRQHandler                         0x080002bb   Thumb Code     0  startup_ctboard.o(.text)
    EXTI3_IRQHandler                         0x080002bb   Thumb Code     0  startup_ctboard.o(.text)
    EXTI4_IRQHandler                         0x080002bb   Thumb Code     0  startup_ctboard.o(.text)
    EXTI9_5_IRQHandler                       0x080002bb   Thumb Code     0  startup_ctboard.o(.text)
    FLASH_IRQHandler                         0x080002bb   Thumb Code     0  startup_ctboard.o(.text)
    FMC_IRQHandler                           0x080002bb   Thumb Code     0  startup_ctboard.o(.text)
    FPU_IRQHandler                           0x080002bb   Thumb Code     0  startup_ctboard.o(.text)
    HASH_RNG_IRQHandler                      0x080002bb   Thumb Code     0  startup_ctboard.o(.text)
    I2C1_ER_IRQHandler                       0x080002bb   Thumb Code     0  startup_ctboard.o(.text)
    I2C1_EV_IRQHandler                       0x080002bb   Thumb Code     0  startup_ctboard.o(.text)
    I2C2_ER_IRQHandler                       0x080002bb   Thumb Code     0  startup_ctboard.o(.text)
    I2C2_EV_IRQHandler                       0x080002bb   Thumb Code     0  startup_ctboard.o(.text)
    I2C3_ER_IRQHandler                       0x080002bb   Thumb Code     0  startup_ctboard.o(.text)
    I2C3_EV_IRQHandler                       0x080002bb   Thumb Code     0  startup_ctboard.o(.text)
    LTDC_ER_IRQHandler                       0x080002bb   Thumb Code     0  startup_ctboard.o(.text)
    LTDC_IRQHandler                          0x080002bb   Thumb Code     0  startup_ctboard.o(.text)
    OTG_FS_IRQHandler                        0x080002bb   Thumb Code     0  startup_ctboard.o(.text)
    OTG_FS_WKUP_IRQHandler                   0x080002bb   Thumb Code     0  startup_ctboard.o(.text)
    OTG_HS_EP1_IN_IRQHandler                 0x080002bb   Thumb Code     0  startup_ctboard.o(.text)
    OTG_HS_EP1_OUT_IRQHandler                0x080002bb   Thumb Code     0  startup_ctboard.o(.text)
    OTG_HS_IRQHandler                        0x080002bb   Thumb Code     0  startup_ctboard.o(.text)
    OTG_HS_WKUP_IRQHandler                   0x080002bb   Thumb Code     0  startup_ctboard.o(.text)
    PVD_IRQHandler                           0x080002bb   Thumb Code     0  startup_ctboard.o(.text)
    RCC_IRQHandler                           0x080002bb   Thumb Code     0  startup_ctboard.o(.text)
    RTC_Alarm_IRQHandler                     0x080002bb   Thumb Code     0  startup_ctboard.o(.text)
    RTC_WKUP_IRQHandler                      0x080002bb   Thumb Code     0  startup_ctboard.o(.text)
    SAI1_IRQHandler                          0x080002bb   Thumb Code     0  startup_ctboard.o(.text)
    SDIO_IRQHandler                          0x080002bb   Thumb Code     0  startup_ctboard.o(.text)
    SPI1_IRQHandler                          0x080002bb   Thumb Code     0  startup_ctboard.o(.text)
    SPI2_IRQHandler                          0x080002bb   Thumb Code     0  startup_ctboard.o(.text)
    SPI3_IRQHandler                          0x080002bb   Thumb Code     0  startup_ctboard.o(.text)
    SPI4_IRQHandler                          0x080002bb   Thumb Code     0  startup_ctboard.o(.text)
    SPI5_IRQHandler                          0x080002bb   Thumb Code     0  startup_ctboard.o(.text)
    SPI6_IRQHandler                          0x080002bb   Thumb Code     0  startup_ctboard.o(.text)
    TAMP_STAMP_IRQHandler                    0x080002bb   Thumb Code     0  startup_ctboard.o(.text)
    TIM1_BRK_TIM9_IRQHandler                 0x080002bb   Thumb Code     0  startup_ctboard.o(.text)
    TIM1_CC_IRQHandler                       0x080002bb   Thumb Code     0  startup_ctboard.o(.text)
    TIM1_TRG_COM_TIM11_IRQHandler            0x080002bb   Thumb Code     0  startup_ctboard.o(.text)
    TIM1_UP_TIM10_IRQHandler                 0x080002bb   Thumb Code     0  startup_ctboard.o(.text)
    TIM2_IRQHandler                          0x080002bb   Thumb Code     0  startup_ctboard.o(.text)
    TIM3_IRQHandler                          0x080002bb   Thumb Code     0  startup_ctboard.o(.text)
    TIM4_IRQHandler                          0x080002bb   Thumb Code     0  startup_ctboard.o(.text)
    TIM5_IRQHandler                          0x080002bb   Thumb Code     0  startup_ctboard.o(.text)
    TIM6_DAC_IRQHandler                      0x080002bb   Thumb Code     0  startup_ctboard.o(.text)
    TIM7_IRQHandler                          0x080002bb   Thumb Code     0  startup_ctboard.o(.text)
    TIM8_BRK_TIM12_IRQHandler                0x080002bb   Thumb Code     0  startup_ctboard.o(.text)
    TIM8_CC_IRQHandler                       0x080002bb   Thumb Code     0  startup_ctboard.o(.text)
    TIM8_TRG_COM_TIM14_IRQHandler            0x080002bb   Thumb Code     0  startup_ctboard.o(.text)
    TIM8_UP_TIM13_IRQHandler                 0x080002bb   Thumb Code     0  startup_ctboard.o(.text)
    UART4_IRQHandler                         0x080002bb   Thumb Code     0  startup_ctboard.o(.text)
    UART5_IRQHandler                         0x080002bb   Thumb Code     0  startup_ctboard.o(.text)
    UART7_IRQHandler                         0x080002bb   Thumb Code     0  startup_ctboard.o(.text)
    UART8_IRQHandler                         0x080002bb   Thumb Code     0  startup_ctboard.o(.text)
    USART1_IRQHandler                        0x080002bb   Thumb Code     0  startup_ctboard.o(.text)
    USART2_IRQHandler                        0x080002bb   Thumb Code     0  startup_ctboard.o(.text)
    USART3_IRQHandler                        0x080002bb   Thumb Code     0  startup_ctboard.o(.text)
    USART6_IRQHandler                        0x080002bb   Thumb Code     0  startup_ctboard.o(.text)
    WWDG_IRQHandler                          0x080002bb   Thumb Code     0  startup_ctboard.o(.text)
    __system                                 0x080002c5   Thumb Code     8  system_ctboard.o(.text)
    system_enter_run                         0x080002cd   Thumb Code   280  system_ctboard.o(.text)
    system_enter_sleep                       0x08000421   Thumb Code     2  system_ctboard.o(.text)
    system_enter_stop                        0x08000423   Thumb Code     2  system_ctboard.o(.text)
    system_enter_standby                     0x08000425   Thumb Code     2  system_ctboard.o(.text)
    hal_fmc_reset                            0x08000429   Thumb Code    60  hal_fmc.o(.text)
    hal_fmc_init_sram                        0x08000471   Thumb Code   264  hal_fmc.o(.text)
    hal_gpio_reset                           0x0800057d   Thumb Code    68  hal_gpio.o(.text)
    hal_gpio_init_input                      0x080005c9   Thumb Code   156  hal_gpio.o(.text)
    hal_gpio_init_analog                     0x0800066d   Thumb Code   240  hal_gpio.o(.text)
    hal_gpio_init_output                     0x08000765   Thumb Code   276  hal_gpio.o(.text)
    hal_gpio_init_alternate                  0x08000881   Thumb Code   262  hal_gpio.o(.text)
    hal_gpio_input_read                      0x08000987   Thumb Code     6  hal_gpio.o(.text)
    hal_gpio_output_read                     0x0800098d   Thumb Code     6  hal_gpio.o(.text)
    hal_gpio_output_write                    0x08000995   Thumb Code    20  hal_gpio.o(.text)
    hal_gpio_bit_set                         0x080009b1   Thumb Code    24  hal_gpio.o(.text)
    hal_gpio_bit_reset                       0x080009d1   Thumb Code    28  hal_gpio.o(.text)
    hal_gpio_bit_toggle                      0x080009f5   Thumb Code    28  hal_gpio.o(.text)
    hal_gpio_irq_set                         0x08000a19   Thumb Code   292  hal_gpio.o(.text)
    hal_gpio_irq_status                      0x08000b55   Thumb Code    24  hal_gpio.o(.text)
    hal_gpio_irq_clear                       0x08000b71   Thumb Code    12  hal_gpio.o(.text)
    hal_pwr_reset                            0x08000b81   Thumb Code    16  hal_pwr.o(.text)
    hal_pwr_set_backup_domain                0x08000b95   Thumb Code    56  hal_pwr.o(.text)
    hal_pwr_set_backup_access                0x08000bd1   Thumb Code    24  hal_pwr.o(.text)
    hal_pwr_set_wakeup_pin                   0x08000bed   Thumb Code    24  hal_pwr.o(.text)
    hal_pwr_set_flash_powerdown              0x08000c09   Thumb Code    24  hal_pwr.o(.text)
    hal_pwr_set_overdrive                    0x08000c25   Thumb Code     4  hal_pwr.o(.text)
    hal_pwr_set_underdrive                   0x08000c29   Thumb Code     4  hal_pwr.o(.text)
    hal_rcc_reset                            0x08000c2d   Thumb Code   104  hal_rcc.o(.text)
    hal_rcc_set_peripheral                   0x08000cb5   Thumb Code   228  hal_rcc.o(.text)
    hal_rcc_set_osc                          0x08000d9d   Thumb Code   108  hal_rcc.o(.text)
    hal_rcc_setup_pll                        0x08000e11   Thumb Code   220  hal_rcc.o(.text)
    hal_rcc_setup_clock                      0x08000f05   Thumb Code    80  hal_rcc.o(.text)
    main                                     0x08000f5d   Thumb Code   202  struct_code.o(myCode)
    Image$$RO$$Limit                         0x08001074   Number         0  anon$$obj.o ABSOLUTE
    Image$$RW$$Base                          0x20000000   Number         0  anon$$obj.o ABSOLUTE
    Image$$ZI$$Base                          0x20000000   Number         0  anon$$obj.o ABSOLUTE
    Stack_Mem                                0x20000000   Data        8192  startup_ctboard.o(STACK)
    Image$$ZI$$Limit                         0x20002000   Number         0  anon$$obj.o ABSOLUTE



==============================================================================

Memory Map of the image

  Image Entry point : 0x080002a1

  Load Region LR_1 (Base: 0x08000000, Size: 0x00001074, Max: 0xffffffff, ABSOLUTE)

    Execution Region ER_RO (Exec base: 0x08000000, Load base: 0x08000000, Size: 0x00001074, Max: 0xffffffff, ABSOLUTE)

    Exec Addr    Load Addr    Size         Type   Attr      Idx    E Section Name        Object

    0x08000000   0x08000000   0x000001ac   Data   RO           21    RESET               startup_ctboard.o
    0x080001ac   0x080001ac   0x00000078   Code   RO            1    .text               adc.o
    0x08000224   0x08000224   0x0000007c   Code   RO           15    .text               datainit_ctboard.o
    0x080002a0   0x080002a0   0x00000024   Code   RO           22  * .text               startup_ctboard.o
    0x080002c4   0x080002c4   0x00000162   Code   RO           26    .text               system_ctboard.o
    0x08000426   0x08000426   0x00000002   PAD
    0x08000428   0x08000428   0x00000154   Code   RO           34    .text               hal_fmc.o
    0x0800057c   0x0800057c   0x00000604   Code   RO           42    .text               hal_gpio.o
    0x08000b80   0x08000b80   0x000000ac   Code   RO           50    .text               hal_pwr.o
    0x08000c2c   0x08000c2c   0x00000330   Code   RO           58    .text               hal_rcc.o
    0x08000f5c   0x08000f5c   0x00000108   Code   RO            9  * myCode              struct_code.o
    0x08001064   0x08001064   0x00000010   Data   RO            8    myConstants         struct_code.o


    Execution Region ER_RW (Exec base: 0x20000000, Load base: 0x08001074, Size: 0x00000000, Max: 0xffffffff, ABSOLUTE)

    **** No section assigned to this execution region ****


    Execution Region ER_ZI (Exec base: 0x20000000, Load base: 0x08001074, Size: 0x00002000, Max: 0xffffffff, ABSOLUTE)

    Exec Addr    Load Addr    Size         Type   Attr      Idx    E Section Name        Object

    0x20000000        -       0x00002000   Zero   RW           19    STACK               startup_ctboard.o


==============================================================================

Image component sizes


      Code (inc. data)   RO Data    RW Data    ZI Data      Debug   Object Name

       120         16          0          0          0       2210   adc.o
       124         50          0          0          0        468   datainit_ctboard.o
       340         16          0          0          0       3875   hal_fmc.o
      1540         96          0          0          0      12039   hal_gpio.o
       172         20          0          0          0       2170   hal_pwr.o
       816        168          0          0          0       5398   hal_rcc.o
        36          8        428          0       8192        868   startup_ctboard.o
       264         62         16          0          0        500   struct_code.o
       354         60          0          0          0       6809   system_ctboard.o

    ----------------------------------------------------------------------
      3768        496        444          0       8192      34337   Object Totals
         0          0          0          0          0          0   (incl. Generated)
         2          0          0          0          0          0   (incl. Padding)

    ----------------------------------------------------------------------
         0          0          0          0          0          0   Library Totals
         0          0          0          0          0          0   (incl. Padding)

    ----------------------------------------------------------------------

==============================================================================


      Code (inc. data)   RO Data    RW Data    ZI Data      Debug   

      3768        496        444          0       8192      34133   Grand Totals
      3768        496        444          0       8192      34133   ELF Image Totals
      3768        496        444          0          0          0   ROM Totals

==============================================================================

    Total RO  Size (Code + RO Data)                 4212 (   4.11kB)
    Total RW  Size (RW Data + ZI Data)              8192 (   8.00kB)
    Total ROM Size (Code + RO Data + RW Data)       4212 (   4.11kB)

==============================================================================

